Component: ARM Compiler 5.06 update 5 (build 528) Tool: armlink [4d35e2]

==============================================================================

Memory Map of the image

  Image Entry point : 0x08000171

  Load Region LR_IROM1 (Base: 0x08000000, Size: 0x00005308, Max: 0x00010000, ABSOLUTE)

    Execution Region ER_IROM1 (Base: 0x08000000, Size: 0x00005308, Max: 0x00010000, ABSOLUTE)

    Base Addr    Size         Type   Attr      Idx    E Section Name        Object

    0x08000000   0x000000f0   Data   RO          393    RESET               startup_stm32f103xb.o
    0x080000f0   0x00000008   Code   RO          400  * !!!main             c_w.l(__main.o)
    0x080000f8   0x00000034   Code   RO          647    !!!scatter          c_w.l(__scatter.o)
    0x0800012c   0x0000001c   Code   RO          649    !!handler_zi        c_w.l(__scatter_zi.o)
    0x08000148   0x00000002   Code   RO          516    .ARM.Collect$$libinit$$00000000  c_w.l(libinit.o)
    0x0800014a   0x00000000   Code   RO          524    .ARM.Collect$$libinit$$00000002  c_w.l(libinit2.o)
    0x0800014a   0x00000000   Code   RO          526    .ARM.Collect$$libinit$$00000004  c_w.l(libinit2.o)
    0x0800014a   0x00000000   Code   RO          529    .ARM.Collect$$libinit$$0000000A  c_w.l(libinit2.o)
    0x0800014a   0x00000000   Code   RO          531    .ARM.Collect$$libinit$$0000000C  c_w.l(libinit2.o)
    0x0800014a   0x00000000   Code   RO          533    .ARM.Collect$$libinit$$0000000E  c_w.l(libinit2.o)
    0x0800014a   0x00000000   Code   RO          536    .ARM.Collect$$libinit$$00000011  c_w.l(libinit2.o)
    0x0800014a   0x00000000   Code   RO          538    .ARM.Collect$$libinit$$00000013  c_w.l(libinit2.o)
    0x0800014a   0x00000000   Code   RO          540    .ARM.Collect$$libinit$$00000015  c_w.l(libinit2.o)
    0x0800014a   0x00000000   Code   RO          542    .ARM.Collect$$libinit$$00000017  c_w.l(libinit2.o)
    0x0800014a   0x00000000   Code   RO          544    .ARM.Collect$$libinit$$00000019  c_w.l(libinit2.o)
    0x0800014a   0x00000000   Code   RO          546    .ARM.Collect$$libinit$$0000001B  c_w.l(libinit2.o)
    0x0800014a   0x00000000   Code   RO          548    .ARM.Collect$$libinit$$0000001D  c_w.l(libinit2.o)
    0x0800014a   0x00000000   Code   RO          550    .ARM.Collect$$libinit$$0000001F  c_w.l(libinit2.o)
    0x0800014a   0x00000000   Code   RO          552    .ARM.Collect$$libinit$$00000021  c_w.l(libinit2.o)
    0x0800014a   0x00000000   Code   RO          554    .ARM.Collect$$libinit$$00000023  c_w.l(libinit2.o)
    0x0800014a   0x00000000   Code   RO          556    .ARM.Collect$$libinit$$00000025  c_w.l(libinit2.o)
    0x0800014a   0x00000000   Code   RO          560    .ARM.Collect$$libinit$$0000002C  c_w.l(libinit2.o)
    0x0800014a   0x00000000   Code   RO          562    .ARM.Collect$$libinit$$0000002E  c_w.l(libinit2.o)
    0x0800014a   0x00000000   Code   RO          564    .ARM.Collect$$libinit$$00000030  c_w.l(libinit2.o)
    0x0800014a   0x00000000   Code   RO          566    .ARM.Collect$$libinit$$00000032  c_w.l(libinit2.o)
    0x0800014a   0x00000002   Code   RO          567    .ARM.Collect$$libinit$$00000033  c_w.l(libinit2.o)
    0x0800014c   0x00000002   Code   RO          590    .ARM.Collect$$libshutdown$$00000000  c_w.l(libshutdown.o)
    0x0800014e   0x00000000   Code   RO          600    .ARM.Collect$$libshutdown$$00000002  c_w.l(libshutdown2.o)
    0x0800014e   0x00000000   Code   RO          602    .ARM.Collect$$libshutdown$$00000004  c_w.l(libshutdown2.o)
    0x0800014e   0x00000000   Code   RO          605    .ARM.Collect$$libshutdown$$00000007  c_w.l(libshutdown2.o)
    0x0800014e   0x00000000   Code   RO          608    .ARM.Collect$$libshutdown$$0000000A  c_w.l(libshutdown2.o)
    0x0800014e   0x00000000   Code   RO          610    .ARM.Collect$$libshutdown$$0000000C  c_w.l(libshutdown2.o)
    0x0800014e   0x00000000   Code   RO          613    .ARM.Collect$$libshutdown$$0000000F  c_w.l(libshutdown2.o)
    0x0800014e   0x00000002   Code   RO          614    .ARM.Collect$$libshutdown$$00000010  c_w.l(libshutdown2.o)
    0x08000150   0x00000000   Code   RO          452    .ARM.Collect$$rtentry$$00000000  c_w.l(__rtentry.o)
    0x08000150   0x00000000   Code   RO          483    .ARM.Collect$$rtentry$$00000002  c_w.l(__rtentry2.o)
    0x08000150   0x00000006   Code   RO          495    .ARM.Collect$$rtentry$$00000004  c_w.l(__rtentry4.o)
    0x08000156   0x00000000   Code   RO          485    .ARM.Collect$$rtentry$$00000009  c_w.l(__rtentry2.o)
    0x08000156   0x00000004   Code   RO          486    .ARM.Collect$$rtentry$$0000000A  c_w.l(__rtentry2.o)
    0x0800015a   0x00000000   Code   RO          488    .ARM.Collect$$rtentry$$0000000C  c_w.l(__rtentry2.o)
    0x0800015a   0x00000008   Code   RO          489    .ARM.Collect$$rtentry$$0000000D  c_w.l(__rtentry2.o)
    0x08000162   0x00000002   Code   RO          521    .ARM.Collect$$rtexit$$00000000  c_w.l(rtexit.o)
    0x08000164   0x00000000   Code   RO          572    .ARM.Collect$$rtexit$$00000002  c_w.l(rtexit2.o)
    0x08000164   0x00000004   Code   RO          573    .ARM.Collect$$rtexit$$00000003  c_w.l(rtexit2.o)
    0x08000168   0x00000006   Code   RO          574    .ARM.Collect$$rtexit$$00000004  c_w.l(rtexit2.o)
    0x0800016e   0x00000002   PAD
    0x08000170   0x00000034   Code   RO          394  * .text               startup_stm32f103xb.o
    0x080001a4   0x00000016   Code   RO          453    .text               c_w.l(_rserrno.o)
    0x080001ba   0x00000002   PAD
    0x080001bc   0x00000008   Code   RO          500    .text               c_w.l(rt_errno_addr_intlibspace.o)
    0x080001c4   0x00000008   Code   RO          504    .text               c_w.l(libspace.o)
    0x080001cc   0x0000004a   Code   RO          507    .text               c_w.l(sys_stackheap_outer.o)
    0x08000216   0x00000012   Code   RO          509    .text               c_w.l(exit.o)
    0x08000228   0x00000030   Code   RO          519    .text               c_w.l(sys_stackheap.o)
    0x08000258   0x00000002   Code   RO          568    .text               c_w.l(use_no_semi.o)
    0x0800025a   0x00000000   Code   RO          570    .text               c_w.l(indicate_semi.o)
    0x0800025a   0x00000002   PAD
    0x0800025c   0x0000000c   Code   RO          582    .text               c_w.l(sys_exit.o)
    0x08000268   0x0000004c   Code   RO          144    i.SystemInit        system_stm32f1xx.o
    0x080002b4   0x0000000e   Code   RO            4    i.__ARM_isfinitef   main.o
    0x080002c2   0x0000000a   Code   RO          468    i.__mathlib_flt_divzero  m_ws.l(funder.o)
    0x080002cc   0x00000006   Code   RO          469    i.__mathlib_flt_infnan  m_ws.l(funder.o)
    0x080002d2   0x00000008   Code   RO          471    i.__mathlib_flt_invalid  m_ws.l(funder.o)
    0x080002da   0x00000020   Code   RO          255    i.consider_grid_point  rdmr_pli.o
    0x080002fa   0x00000002   PAD
    0x080002fc   0x00000030   Code   RO          330    i.derive_stream_seed  rdmr_signal_protocol.o
    0x0800032c   0x000001d4   Code   RO            5    i.emit_config       main.o
    0x08000500   0x000001e4   Code   RO            6    i.emit_record       main.o
    0x080006e4   0x00000320   Code   RO            7    i.emit_stats        main.o
    0x08000a04   0x000000e0   Code   RO          256    i.estimate_frequency  rdmr_pli.o
    0x08000ae4   0x00000120   Code   RO          257    i.finish_block      rdmr_pli.o
    0x08000c04   0x000000b0   Code   RO          258    i.grid_power        rdmr_pli.o
    0x08000cb4   0x00000190   Code   RO          435    i.logf              m_ws.l(logf.o)
    0x08000e44   0x0000007c   Code   RO            8    i.main              main.o
    0x08000ec0   0x00000070   Code   RO          177    i.notch_init        rdmr_algorithm.o
    0x08000f30   0x00000062   Code   RO          178    i.notch_process     rdmr_algorithm.o
    0x08000f92   0x0000004c   Code   RO          331    i.oscillator_step   rdmr_signal_protocol.o
    0x08000fde   0x0000006c   Code   RO          226    i.percentile        rdmr_cycle_stats.o
    0x0800104a   0x00000002   PAD
    0x0800104c   0x0000005c   Code   RO          179    i.rdmr_algorithm_get_telemetry  rdmr_algorithm.o
    0x080010a8   0x00000062   Code   RO          180    i.rdmr_algorithm_init  rdmr_algorithm.o
    0x0800110a   0x00000016   Code   RO          181    i.rdmr_algorithm_process  rdmr_algorithm.o
    0x08001120   0x00000086   Code   RO          227    i.rdmr_cycle_stats_get  rdmr_cycle_stats.o
    0x080011a6   0x00000002   PAD
    0x080011a8   0x00000024   Code   RO          228    i.rdmr_cycle_stats_init  rdmr_cycle_stats.o
    0x080011cc   0x00000068   Code   RO          229    i.rdmr_cycle_stats_update  rdmr_cycle_stats.o
    0x08001234   0x00000036   Code   RO          259    i.rdmr_get_telemetry  rdmr_pli.o
    0x0800126a   0x00000002   PAD
    0x0800126c   0x0000004c   Code   RO          261    i.rdmr_init         rdmr_pli.o
    0x080012b8   0x00000170   Code   RO          262    i.rdmr_process      rdmr_pli.o
    0x08001428   0x000000a8   Code   RO          332    i.rdmr_signal_init  rdmr_signal_protocol.o
    0x080014d0   0x00000204   Code   RO          333    i.rdmr_signal_next  rdmr_signal_protocol.o
    0x080016d4   0x00000014   Code   RO          369    i.rdmr_trig_cos     rdmr_trig.o
    0x080016e8   0x00000078   Code   RO          370    i.rdmr_trig_sin     rdmr_trig.o
    0x08001760   0x00000118   Code   RO          334    i.rdmr_true_frequency  rdmr_signal_protocol.o
    0x08001878   0x00000010   Code   RO          182    i.rdmr_zero_bytes   rdmr_algorithm.o
    0x08001888   0x0000032c   Code   RO            9    i.run_internal_demo  main.o
    0x08001bb4   0x00000052   Code   RO          263    i.run_tracker       rdmr_pli.o
    0x08001c06   0x00000058   Code   RO           10    i.scaled_i32        main.o
    0x08001c5e   0x0000004a   Code   RO           11    i.scaled_u32        main.o
    0x08001ca8   0x0000002c   Code   RO          445    i.sqrtf             m_ws.l(sqrtf.o)
    0x08001cd4   0x00000012   Code   RO          264    i.state_interval    rdmr_pli.o
    0x08001ce6   0x00000016   Code   RO           12    i.uart1_i32         main.o
    0x08001cfc   0x00000014   Code   RO           13    i.uart1_putc        main.o
    0x08001d10   0x00000014   Code   RO           14    i.uart1_puts        main.o
    0x08001d24   0x0000003a   Code   RO           15    i.uart1_u32         main.o
    0x08001d5e   0x00000024   Code   RO          335    i.uniform01         rdmr_signal_protocol.o
    0x08001d82   0x00000002   PAD
    0x08001d84   0x0000002c   Code   RO          265    i.update_oscillator_step  rdmr_pli.o
    0x08001db0   0x00000094   Code   RO          266    i.update_scheduler  rdmr_pli.o
    0x08001e44   0x000000c4   Code   RO          402    x$fpl$fadd          fz_ws.l(faddsub_clz.o)
    0x08001f08   0x0000000c   Code   RO          455    x$fpl$fcheck1       fz_ws.l(fcheck1.o)
    0x08001f14   0x00000018   Code   RO          457    x$fpl$fcmpinf       fz_ws.l(fcmpi.o)
    0x08001f2c   0x00000184   Code   RO          409    x$fpl$fdiv          fz_ws.l(fdiv.o)
    0x080020b0   0x00000068   Code   RO          412    x$fpl$feqf          fz_ws.l(feqf.o)
    0x08002118   0x00000036   Code   RO          414    x$fpl$ffix          fz_ws.l(ffix.o)
    0x0800214e   0x00000002   PAD
    0x08002150   0x0000003e   Code   RO          418    x$fpl$ffixu         fz_ws.l(ffixu.o)
    0x0800218e   0x00000002   PAD
    0x08002190   0x00000030   Code   RO          423    x$fpl$fflt          fz_ws.l(fflt_clz.o)
    0x080021c0   0x00000026   Code   RO          422    x$fpl$ffltu         fz_ws.l(fflt_clz.o)
    0x080021e6   0x00000002   PAD
    0x080021e8   0x00000068   Code   RO          459    x$fpl$fleqf         fz_ws.l(fleqf.o)
    0x08002250   0x00000102   Code   RO          428    x$fpl$fmul          fz_ws.l(fmul.o)
    0x08002352   0x0000008c   Code   RO          461    x$fpl$fnaninf       fz_ws.l(fnaninf.o)
    0x080023de   0x0000000a   Code   RO          463    x$fpl$fretinf       fz_ws.l(fretinf.o)
    0x080023e8   0x00000062   Code   RO          430    x$fpl$frleqf        fz_ws.l(frleqf.o)
    0x0800244a   0x00000014   Code   RO          403    x$fpl$frsb          fz_ws.l(faddsub_clz.o)
    0x0800245e   0x00000002   PAD
    0x08002460   0x00000110   Code   RO          465    x$fpl$fsqrt         fz_ws.l(fsqrt.o)
    0x08002570   0x000000ea   Code   RO          404    x$fpl$fsub          fz_ws.l(faddsub_clz.o)
    0x0800265a   0x00000064   Code   RO          502    x$fpl$retnan        fz_ws.l(retnan.o)
    0x080026be   0x0000004c   Code   RO          432    x$fpl$scalbnf       fz_ws.l(scalbnf.o)
    0x0800270a   0x00000030   Code   RO          517    x$fpl$trapveneer    fz_ws.l(trapv.o)
    0x0800273a   0x00000000   Code   RO          467    x$fpl$usenofp       fz_ws.l(usenofp.o)
    0x0800273a   0x00000002   PAD
    0x0800273c   0x00000964   Data   RO          267    .constdata          rdmr_pli.o
    0x080030a0   0x00002004   Data   RO          371    .constdata          rdmr_trig.o
    0x080050a4   0x00000040   Data   RO          436    .constdata          m_ws.l(logf.o)
    0x080050e4   0x00000212   Data   RO           17    .conststring        main.o
    0x080052f6   0x00000002   PAD
    0x080052f8   0x00000010   Data   RO          645    Region$$Table       anon$$obj.o


    Execution Region RW_IRAM1 (Base: 0x20000000, Size: 0x00001718, Max: 0x00005000, ABSOLUTE)

    Base Addr    Size         Type   Attr      Idx    E Section Name        Object

    0x20000000   0x000006b4   Zero   RW           16    .bss                main.o
    0x200006b4   0x00000060   Zero   RW          505    .bss                c_w.l(libspace.o)
    0x20000714   0x00000004   PAD
    0x20000718   0x00001000   Zero   RW          392    STACK               startup_stm32f103xb.o


==============================================================================

Image component sizes


      Code (inc. data)   RO Data    RW Data    ZI Data      Debug   Object Name

      2984        998        530          0       1716      26990   main.o
       438         14          0          0          0       5350   rdmr_algorithm.o
       382          6          0          0          0       4453   rdmr_cycle_stats.o
      1510         94       2404          0          0      10215   rdmr_pli.o
      1124        160          0          0          0       7096   rdmr_signal_protocol.o
       140         22       8196          0          0       1888   rdmr_trig.o
        52          4        240          0       4096        908   startup_stm32f103xb.o
        76         12          0          0          0        557   system_stm32f1xx.o

    ----------------------------------------------------------------------
      6716       1310      11388          0       5812      57457   Object Totals
         0          0         16          0          0          0   (incl. Generated)
        10          0          2          0          0          0   (incl. Padding)

    ----------------------------------------------------------------------

      Code (inc. data)   RO Data    RW Data    ZI Data      Debug   Library Member Name

         8          0          0          0          0         68   __main.o
         0          0          0          0          0          0   __rtentry.o
        12          0          0          0          0          0   __rtentry2.o
         6          0          0          0          0          0   __rtentry4.o
        52          8          0          0          0          0   __scatter.o
        28          0          0          0          0          0   __scatter_zi.o
        22          0          0          0          0        100   _rserrno.o
        18          0          0          0          0         80   exit.o
         0          0          0          0          0          0   indicate_semi.o
         2          0          0          0          0          0   libinit.o
         2          0          0          0          0          0   libinit2.o
         2          0          0          0          0          0   libshutdown.o
         2          0          0          0          0          0   libshutdown2.o
         8          4          0          0         96         68   libspace.o
         8          4          0          0          0         68   rt_errno_addr_intlibspace.o
         2          0          0          0          0          0   rtexit.o
        10          0          0          0          0          0   rtexit2.o
        12          4          0          0          0         68   sys_exit.o
        48          8          0          0          0         80   sys_stackheap.o
        74          0          0          0          0         80   sys_stackheap_outer.o
         2          0          0          0          0         68   use_no_semi.o
       450          8          0          0          0        236   faddsub_clz.o
        12          4          0          0          0         68   fcheck1.o
        24          0          0          0          0         68   fcmpi.o
       388         76          0          0          0         96   fdiv.o
       104          4          0          0          0         84   feqf.o
        54          4          0          0          0         84   ffix.o
        62          4          0          0          0         84   ffixu.o
        86          0          0          0          0        136   fflt_clz.o
       104          4          0          0          0         84   fleqf.o
       258          4          0          0          0         84   fmul.o
       140          4          0          0          0         84   fnaninf.o
        10          0          0          0          0         68   fretinf.o
        98          0          0          0          0         68   frleqf.o
       272        100          0          0          0         88   fsqrt.o
       100          0          0          0          0         68   retnan.o
        76          0          0          0          0         68   scalbnf.o
        48          0          0          0          0         68   trapv.o
         0          0          0          0          0          0   usenofp.o
        24          0          0          0          0        204   funder.o
       400         38         64          0          0        132   logf.o
        44          0          0          0          0         80   sqrtf.o

    ----------------------------------------------------------------------
      3088        278         64          0        100       2632   Library Totals
        16          0          0          0          4          0   (incl. Padding)

    ----------------------------------------------------------------------

      Code (inc. data)   RO Data    RW Data    ZI Data      Debug   Library Name

       318         28          0          0         96        680   c_w.l
      2286        212          0          0          0       1536   fz_ws.l
       468         38         64          0          0        416   m_ws.l

    ----------------------------------------------------------------------
      3088        278         64          0        100       2632   Library Totals

    ----------------------------------------------------------------------

==============================================================================


      Code (inc. data)   RO Data    RW Data    ZI Data      Debug   

      9804       1588      11452          0       5912      56429   Grand Totals
      9804       1588      11452          0       5912      56429   ELF Image Totals
      9804       1588      11452          0          0          0   ROM Totals

==============================================================================

    Total RO  Size (Code + RO Data)                21256 (  20.76kB)
    Total RW  Size (RW Data + ZI Data)              5912 (   5.77kB)
    Total ROM Size (Code + RO Data + RW Data)      21256 (  20.76kB)

==============================================================================

